{"schema_version":1,"signal_id":"sig-20260427-heavy0001","dedupe_key":"learning_threshold:research:runtime_history:sha256-heavy0001","trace_id":"550e8400-e29b-41d4-a716-446655440000","decision":"enqueue-heavy","mode":"execute","reason_codes":["learning_threshold_observed","heavy_lane_recommended","execute_mode_requested"],"budget_used":{},"locks_acquired":[],"primitive_refs":[],"side_effects_allowed":true,"decided_at":"2026-04-27T00:00:00Z","phase":"heavy"}
