{"audit_event_id": "audit-162b4dceaf052e6ccb7e", "event_type": "alchemy-lane-started", "occurred_at": "2026-04-27T00:00:00+00:00", "revert_supported": false, "source_ref": ".aiwiki/state/runtime-history.jsonl#L2", "source_stream": "runtime_history", "subject": {"id": "heavy:all", "kind": "alchemy_lane"}, "trace_id": "550e8400-e29b-41d4-a716-446655440000"}
{"audit_event_id": "audit-5c2d3daf80ee350b712a", "event_type": "alchemy-review-enqueue", "occurred_at": "2026-04-27T00:00:00+00:00", "revert_supported": false, "source_ref": ".aiwiki/state/execution-receipts.jsonl#L1", "source_stream": "execution_receipts", "subject": {"id": "review:all", "kind": "alchemy_review_queue"}, "trace_id": "550e8400-e29b-41d4-a716-446655440000"}
{"audit_event_id": "audit-e996846ee03af0048682", "event_type": "alchemy-review-enqueued", "occurred_at": "2026-04-27T00:00:00+00:00", "revert_supported": false, "source_ref": ".aiwiki/state/runtime-history.jsonl#L3", "source_stream": "runtime_history", "subject": {"id": "review:all", "kind": "alchemy_review_queue"}, "trace_id": "550e8400-e29b-41d4-a716-446655440000"}
{"audit_event_id": "audit-cf56286c3f41db980166", "event_type": "alchemy-distill-refresh", "occurred_at": "2026-04-27T00:00:00+00:00", "revert_supported": false, "source_ref": ".aiwiki/state/execution-receipts.jsonl#L2", "source_stream": "execution_receipts", "subject": {"id": "distill:all", "kind": "alchemy_elixir_candidate"}, "trace_id": "550e8400-e29b-41d4-a716-446655440000"}
{"audit_event_id": "audit-e749eea66c41e9948a09", "event_type": "alchemy-distill-refreshed", "occurred_at": "2026-04-27T00:00:00+00:00", "revert_supported": false, "source_ref": ".aiwiki/state/runtime-history.jsonl#L4", "source_stream": "runtime_history", "subject": {"id": "distill:all", "kind": "alchemy_elixir_candidate"}, "trace_id": "550e8400-e29b-41d4-a716-446655440000"}
{"audit_event_id": "audit-40d5ef80515e49a6a28d", "event_type": "l3-proposal-create", "occurred_at": "", "revert_supported": false, "source_ref": ".aiwiki/state/runtime-history.jsonl#L5", "source_stream": "runtime_history", "subject": {"id": "alchemy-propose-scope-research-1", "kind": "prompt_proposal"}, "trace_id": ""}
{"audit_event_id": "audit-eaefa9ab2e8128eefd1f", "event_type": "alchemy-propose-generate", "occurred_at": "2026-04-27T00:00:00+00:00", "revert_supported": false, "source_ref": ".aiwiki/state/execution-receipts.jsonl#L3", "source_stream": "execution_receipts", "subject": {"id": "propose:all", "kind": "alchemy_proposal_plane"}, "trace_id": "550e8400-e29b-41d4-a716-446655440000"}
{"audit_event_id": "audit-db5c51e3b7e5c5a7dcb2", "event_type": "alchemy-propose-generated", "occurred_at": "2026-04-27T00:00:00+00:00", "revert_supported": false, "source_ref": ".aiwiki/state/runtime-history.jsonl#L6", "source_stream": "runtime_history", "subject": {"id": "propose:all", "kind": "alchemy_proposal_plane"}, "trace_id": "550e8400-e29b-41d4-a716-446655440000"}
{"audit_event_id": "audit-f9f3a0fa54e2c60f0886", "event_type": "alchemy-lane-completed", "occurred_at": "2026-04-27T00:00:00+00:00", "revert_supported": false, "source_ref": ".aiwiki/state/runtime-history.jsonl#L7", "source_stream": "runtime_history", "subject": {"id": "heavy:all", "kind": "alchemy_lane"}, "trace_id": "550e8400-e29b-41d4-a716-446655440000"}
