{"audit_event_id": "audit-8b470f90177e19aeff73", "event_type": "alchemy-lane-started", "occurred_at": "2026-04-27T00:00:00+00:00", "revert_supported": false, "source_ref": ".aiwiki/state/runtime-history.jsonl#L2", "source_stream": "runtime_history", "subject": {"id": "light:all", "kind": "alchemy_lane"}, "trace_id": "550e8400-e29b-41d4-a716-446655440000"}
{"audit_event_id": "audit-0f76c9b22dc692e6e635", "event_type": "nightly", "occurred_at": "", "revert_supported": false, "source_ref": ".aiwiki/state/runtime-history.jsonl#L3", "source_stream": "runtime_history", "subject": {"id": "", "kind": "nightly"}, "trace_id": ""}
{"audit_event_id": "audit-e2098ada8ed7e5c758c1", "event_type": "alchemy-lane-primitive", "occurred_at": "2026-04-27T00:00:00+00:00", "revert_supported": false, "source_ref": ".aiwiki/state/execution-receipts.jsonl#L1", "source_stream": "execution_receipts", "subject": {"id": "light:all:nightly", "kind": "alchemy_lane_primitive"}, "trace_id": "550e8400-e29b-41d4-a716-446655440000"}
{"audit_event_id": "audit-bc003ae2d4cda78ed762", "event_type": "alchemy-lane-completed", "occurred_at": "2026-04-27T00:00:00+00:00", "revert_supported": false, "source_ref": ".aiwiki/state/runtime-history.jsonl#L4", "source_stream": "runtime_history", "subject": {"id": "light:all", "kind": "alchemy_lane"}, "trace_id": "550e8400-e29b-41d4-a716-446655440000"}
