{"schema_version":1,"signal_id":"sig-20260427-000000000000","dedupe_key":"review_feedback:research:runtime_history:sha256-7c1210b3d02bba28","trace_id":"550e8400-e29b-41d4-a716-446655440000","decision":"enqueue-light","mode":"execute","reason_codes":["review_feedback_routine","execute_mode_requested"],"budget_used":{},"locks_acquired":[],"primitive_refs":[],"side_effects_allowed":true,"decided_at":"2026-04-27T00:00:00Z"}
{"schema_version":1,"signal_id":"sig-20260427-000000000000","dedupe_key":"review_feedback:research:runtime_history:sha256-7c1210b3d02bba28","trace_id":"550e8400-e29b-41d4-a716-446655440000","decision":"enqueue-light","mode":"observe_only","reason_codes":["review_feedback_routine"],"budget_used":{},"locks_acquired":[],"primitive_refs":[],"side_effects_allowed":false,"decided_at":"2026-04-27T00:00:00Z"}
