{
  "action_id": "l3-proposal-apply-prop-test-prompt",
  "after_content": "Revised prompt body.\n",
  "after_hash": "sha256:01c60d9adbdcd79fa1a859ffa8f2c67c6957f07240114cdd5aeeb67ddf03e2d5",
  "applied_at": "2026-04-27T00:00:00+00:00",
  "audit_event": "execution_receipt_history_append",
  "audit_path": ".aiwiki/state/execution-receipts.jsonl",
  "audit_stream": "execution_receipts",
  "autonomy_domain": "core",
  "before_content": "Original prompt body.\n",
  "before_hash": "sha256:bd13ffc1253b79016029c10d6e4823ff93ec0686ee8c4ec8a494684e66bc5e3b",
  "counter_evidence_refs": [],
  "decision_confidence": "",
  "evidence_refs": [],
  "generated_by": "aiwiki-l3-proposal",
  "human_accept_required": true,
  "kind": "execution-receipt",
  "llm_governed": false,
  "note": "acceptance apply",
  "operation": "apply",
  "patch_kind": "full_replace",
  "proposal_kind": "prompt_proposal",
  "proposal_path": ".aiwiki/staging/proposals/prompt/prop-test-prompt.md",
  "receipt_path": ".aiwiki/state/execution-receipts/l3-proposal-apply-prop-test-prompt.json",
  "revert_supported": true,
  "review_state": "human_accepted",
  "subject_id": "prop-test-prompt",
  "subject_kind": "l3_proposal",
  "target_file": "prompts/test-prompt.md",
  "validator_status": "passed",
  "version": 1
}
