{"audit_event_id": "audit-0ffecea982ed93757e07", "event_type": "l3-proposal-create", "occurred_at": 0, "revert_supported": false, "source_ref": ".aiwiki/state/runtime-history.jsonl#L1", "source_stream": "runtime_history", "subject": {"id": "prop-test-prompt", "kind": "prompt_proposal"}, "trace_id": ""}
{"audit_event_id": "audit-adbe21ef623e537f578b", "event_type": "l3-proposal-human-accept", "occurred_at": 0, "revert_supported": false, "source_ref": ".aiwiki/state/runtime-history.jsonl#L2", "source_stream": "runtime_history", "subject": {"id": "prop-test-prompt", "kind": "prompt_proposal"}, "trace_id": ""}
{"audit_event_id": "audit-c769d41f7a80838e14bb", "event_type": "apply", "occurred_at": 0, "revert_supported": true, "source_ref": ".aiwiki/state/execution-receipts.jsonl#L1", "source_stream": "execution_receipts", "subject": {"id": "prop-test-prompt", "kind": "l3_proposal"}, "trace_id": ""}
{"audit_event_id": "audit-b61db2459c91e59038a7", "event_type": "l3-proposal-apply", "occurred_at": 0, "revert_supported": false, "source_ref": ".aiwiki/state/runtime-history.jsonl#L3", "source_stream": "runtime_history", "subject": {"id": "prop-test-prompt", "kind": "l3-proposal-apply"}, "trace_id": ""}
{"audit_event_id": "audit-29bd6655036f88d5c21f", "event_type": "revert", "occurred_at": 0, "revert_supported": false, "source_ref": ".aiwiki/state/execution-receipts.jsonl#L2", "source_stream": "execution_receipts", "subject": {"id": "prop-test-prompt", "kind": "l3_proposal"}, "trace_id": ""}
{"audit_event_id": "audit-ca63a63873fa5c24f865", "event_type": "l3-proposal-revert", "occurred_at": 0, "revert_supported": false, "source_ref": ".aiwiki/state/runtime-history.jsonl#L4", "source_stream": "runtime_history", "subject": {"id": "prop-test-prompt", "kind": "l3-proposal-revert"}, "trace_id": ""}
