{"event_type": "l3-proposal-create", "kind": "prompt_proposal", "occurred_at": "2026-04-27T00:00:00+00:00", "proposal_id": "prop-test-prompt", "proposal_path": "output/_proposals/prompt/prop-test-prompt.md", "state": "candidate", "target_file": "prompts/test-prompt.md"}
{"after_hash": "sha256:01c60d9adbdcd79fa1a859ffa8f2c67c6957f07240114cdd5aeeb67ddf03e2d5", "before_hash": "sha256:bd13ffc1253b79016029c10d6e4823ff93ec0686ee8c4ec8a494684e66bc5e3b", "event_type": "l3-proposal-apply", "note": "acceptance apply", "occurred_at": "2026-04-27T00:00:00+00:00", "proposal_id": "prop-test-prompt", "receipt_path": "output/control/execution-receipts/l3-proposal-apply-prop-test-prompt.json", "target_file": "prompts/test-prompt.md"}
{"event_type": "l3-proposal-revert", "note": "acceptance revert", "occurred_at": "2026-04-27T00:00:00+00:00", "proposal_id": "prop-test-prompt", "receipt_path": "output/control/execution-receipts/l3-proposal-revert-prop-test-prompt.json", "restored_hash": "sha256:bd13ffc1253b79016029c10d6e4823ff93ec0686ee8c4ec8a494684e66bc5e3b", "source_receipt_path": "output/control/execution-receipts/l3-proposal-apply-prop-test-prompt.json", "target_file": "prompts/test-prompt.md"}
