{"audit_event_id": "audit-0ffecea982ed93757e07", "event_type": "l3-proposal-create", "occurred_at": "", "revert_supported": false, "source_ref": ".aiwiki/state/runtime-history.jsonl#L1", "source_stream": "runtime_history", "subject": {"id": "prop-test-prompt", "kind": "prompt_proposal"}, "trace_id": ""}
{"audit_event_id": "audit-c769d41f7a80838e14bb", "event_type": "apply", "occurred_at": "2026-04-27T00:00:00+00:00", "revert_supported": true, "source_ref": ".aiwiki/state/execution-receipts.jsonl#L1", "source_stream": "execution_receipts", "subject": {"id": "prop-test-prompt", "kind": "l3_proposal"}, "trace_id": ""}
{"audit_event_id": "audit-883aefc808728e25ac03", "event_type": "l3-proposal-apply", "occurred_at": "", "revert_supported": false, "source_ref": ".aiwiki/state/runtime-history.jsonl#L2", "source_stream": "runtime_history", "subject": {"id": "prop-test-prompt", "kind": "l3-proposal-apply"}, "trace_id": ""}
{"audit_event_id": "audit-29bd6655036f88d5c21f", "event_type": "revert", "occurred_at": "2026-04-27T00:00:00+00:00", "revert_supported": false, "source_ref": ".aiwiki/state/execution-receipts.jsonl#L2", "source_stream": "execution_receipts", "subject": {"id": "prop-test-prompt", "kind": "l3_proposal"}, "trace_id": ""}
{"audit_event_id": "audit-7521bbad2dab7f1ddf05", "event_type": "l3-proposal-revert", "occurred_at": "", "revert_supported": false, "source_ref": ".aiwiki/state/runtime-history.jsonl#L3", "source_stream": "runtime_history", "subject": {"id": "prop-test-prompt", "kind": "l3-proposal-revert"}, "trace_id": ""}
