{
  "proposals": [
    {
      "accepted_at": "2026-04-27T00:00:00+00:00",
      "after_hash": "sha256:01c60d9adbdcd79fa1a859ffa8f2c67c6957f07240114cdd5aeeb67ddf03e2d5",
      "created_at": "2026-04-27T00:00:00+00:00",
      "evidence_refs": [],
      "human_accept_note": "acceptance human accept",
      "human_accept_required": true,
      "human_accepted_at": "2026-04-27T00:00:00+00:00",
      "kind": "prompt_proposal",
      "last_receipt_path": "output/control/execution-receipts/l3-proposal-apply-prop-test-prompt.json",
      "last_revert_receipt_path": "output/control/execution-receipts/l3-proposal-revert-prop-test-prompt.json",
      "patch": {
        "before_hash": "sha256:bd13ffc1253b79016029c10d6e4823ff93ec0686ee8c4ec8a494684e66bc5e3b",
        "content": "Revised prompt body.\n",
        "kind": "full_replace"
      },
      "proposal_id": "prop-test-prompt",
      "proposal_path": "output/_proposals/prompt/prop-test-prompt.md",
      "rationale": "acceptance fixture",
      "revert_hint_path": "",
      "revert_plan": {
        "fallback": "human_merge_required",
        "kind": "restore_before_hash"
      },
      "reverted_at": "2026-04-27T00:00:00+00:00",
      "review_queue_entry_id": "review-prop-test-prompt",
      "review_state": "human_accepted",
      "state": "reverted",
      "target_file": "prompts/test-prompt.md",
      "trigger": {
        "evidence_count": 0,
        "pattern": "manual_fixture",
        "signal_ids": []
      }
    }
  ],
  "version": 1
}
