{"audit_event_id": "audit-8b470f90177e19aeff73", "event_type": "alchemy-lane-started", "occurred_at": 0, "revert_supported": false, "source_ref": ".aiwiki/state/runtime-history.jsonl#L2", "source_stream": "runtime_history", "subject": {"id": "light:all", "kind": "alchemy_lane"}, "trace_id": "550e8400-e29b-41d4-a716-446655440000"}
{"audit_event_id": "audit-12d988f104bfed0134f2", "event_type": "alchemy-lane-primitive", "occurred_at": 0, "revert_supported": false, "source_ref": ".aiwiki/state/execution-receipts.jsonl#L1", "source_stream": "execution_receipts", "subject": {"id": "light:all:compile", "kind": "alchemy_lane_primitive"}, "trace_id": "550e8400-e29b-41d4-a716-446655440000"}
{"audit_event_id": "audit-7946434ec691681cba28", "event_type": "alchemy-lane-primitive", "occurred_at": 0, "revert_supported": false, "source_ref": ".aiwiki/state/execution-receipts.jsonl#L2", "source_stream": "execution_receipts", "subject": {"id": "light:all:lint", "kind": "alchemy_lane_primitive"}, "trace_id": "550e8400-e29b-41d4-a716-446655440000"}
{"audit_event_id": "audit-31e0b1c1d3bf1747a7ec", "event_type": "alchemy-lane-completed", "occurred_at": 0, "revert_supported": false, "source_ref": ".aiwiki/state/runtime-history.jsonl#L3", "source_stream": "runtime_history", "subject": {"id": "light:all", "kind": "alchemy_lane"}, "trace_id": "550e8400-e29b-41d4-a716-446655440000"}
