{"entry_id": "source-agent-architecture-survey", "event_type": "raw-added", "ingest_metadata": {"asset_files": [], "browser_backend": "", "content_type": "text/html", "description": "A survey of agent runtime tradeoffs.", "extraction_mode": "readability", "fetched_at": "2026-04-27T00:00:00+00:00", "final_url": "https://example.com/agents", "http_status": "200", "original_url": "https://example.com/agents"}, "material": "url", "occurred_at": "2026-04-27T00:00:00+00:00", "original_path": "https://example.com/agents", "protocol": "general", "source_ids": ["source-agent-architecture-survey"], "source_type": "url-drop", "stored_path": "raw/inbox/agent-architecture-survey.md", "title": "Agent Architecture Survey"}
