{"audit_event_id": "audit-c67565e8e8d569a925ee", "event_type": "query", "occurred_at": 0, "revert_supported": false, "source_ref": ".aiwiki/state/runtime-history.jsonl#L1", "source_stream": "runtime_history", "subject": {"id": "ask-output-reports-compounding-rank-acceptance", "kind": "query"}, "trace_id": ""}
{"audit_event_id": "audit-3b72c3cfd20e5f494fcd", "backend_compat": {"compatibility": "unknown", "compatibility_hint": "preflight probe failed: LLM backend resolution failed. Requested `opencode-api` but its required CLI/key is unavailable.", "error_class": "preflight_probe_error"}, "event_type": "success", "occurred_at": 0, "raw_response_path": "<raw-response-path>", "revert_supported": false, "source_ref": ".aiwiki/logs/llm-receipts.jsonl#L1", "source_stream": "llm_receipts", "subject": {"id": "", "kind": "success"}, "trace_id": ""}
{"audit_event_id": "audit-eea25196f135b6fed859", "event_type": "run-ask", "occurred_at": 0, "revert_supported": false, "source_ref": ".aiwiki/state/execution-receipts.jsonl#L1", "source_stream": "execution_receipts", "subject": {"id": "ask-output-reports-compounding-rank-acceptance", "kind": "output-artifact"}, "trace_id": ""}
{"audit_event_id": "audit-b286c27eee582794a3b0", "event_type": "query", "occurred_at": 0, "revert_supported": false, "source_ref": ".aiwiki/state/runtime-history.jsonl#L2", "source_stream": "runtime_history", "subject": {"id": "ask-output-reports-compounding-rank-acceptance-2", "kind": "query"}, "trace_id": ""}
{"audit_event_id": "audit-5a0a48d5fb4311de0376", "backend_compat": {"compatibility": "unknown", "compatibility_hint": "preflight probe failed: LLM backend resolution failed. Requested `opencode-api` but its required CLI/key is unavailable.", "error_class": "preflight_probe_error"}, "event_type": "success", "occurred_at": 0, "raw_response_path": "<raw-response-path>", "revert_supported": false, "source_ref": ".aiwiki/logs/llm-receipts.jsonl#L2", "source_stream": "llm_receipts", "subject": {"id": "", "kind": "success"}, "trace_id": ""}
{"audit_event_id": "audit-d5c1deb3463d21ecdd02", "event_type": "run-ask", "occurred_at": 0, "revert_supported": false, "source_ref": ".aiwiki/state/execution-receipts.jsonl#L2", "source_stream": "execution_receipts", "subject": {"id": "ask-output-reports-compounding-rank-acceptance-2", "kind": "output-artifact"}, "trace_id": ""}
