{"backend_effective": "codex-cli", "backend_requested": "codex-cli", "contract_validated": false, "created_at": "2026-04-27T00:00:00+00:00", "delivery_mode": "llm-failed", "duration_ms": 1, "error": "simulated backend timeout", "event": "run-ask", "fallback_command": "", "fallback_from": "", "fallback_reason": "simulated backend timeout", "fallback_stage": "prompt-profile", "fallback_used": true, "format": "report", "model_final": "stub-model", "model_selected": "stub-model", "no_cache": false, "primary_attempt_status": "", "primary_error": "", "prompt_profile": "lean", "protocol": "general", "question": "what is source-a", "response_id": "", "retry_prompt_profile": "lean", "status": "failed", "target": "output/reports/what-is-source-a.md", "usage": {}}
