{"audit_event_id": "audit-f1e7b2f2346300472c0c", "event_type": "query", "occurred_at": "", "revert_supported": false, "source_ref": ".aiwiki/state/runtime-history.jsonl#L1", "source_stream": "runtime_history", "subject": {"id": "ask-output-reports-deterministic-source-a", "kind": "query"}, "trace_id": ""}
{"audit_event_id": "audit-3b72c3cfd20e5f494fcd", "backend_compat": {"compatibility": "unknown", "compatibility_hint": "preflight probe failed: LLM backend resolution failed. Requested `opencode-api` but available backends are: codex-cli, copilot-cli, claude-cli.", "error_class": "preflight_probe_error"}, "event_type": "success", "occurred_at": "2026-04-27T00:00:00+00:00", "raw_response_path": "<raw-response-path>", "revert_supported": false, "source_ref": ".aiwiki/logs/llm-receipts.jsonl#L1", "source_stream": "llm_receipts", "subject": {"id": "", "kind": "success"}, "trace_id": ""}
