{"schema_version":1,"signal_id":"sig-20260427-000000000000","dedupe_key":"drift:research:runtime_history:drift::stale_judgment::jud-stale","kind":"drift","scope":{"protocol":"research","source_ids":[],"concept_slugs":[],"elixir_refs":[],"judgment_refs":["jud-stale"]},"severity":"medium","evidence_refs":["wiki/judgments/jud-stale.md"],"emitted_at":"2026-04-27T00:00:00Z","emitted_by":"nightly","source_kind":"runtime_history","source_event_ref":".aiwiki/state/runtime-history.jsonl#L1","trace_id":"00000000-0000-4000-8000-0000000003e9"}
{"schema_version":1,"signal_id":"sig-20260427-000000000000","dedupe_key":"drift:research:runtime_history:drift::changed_evidence::elixir::elixir-changed::raw/evidence.md::raw/missing.md","kind":"drift","scope":{"protocol":"research","source_ids":[],"concept_slugs":[],"elixir_refs":["elixir-changed"],"judgment_refs":[]},"severity":"high","evidence_refs":["raw/evidence.md","raw/missing.md","wiki/elixirs/elixir-changed.md"],"emitted_at":"2026-04-27T00:00:00Z","emitted_by":"nightly","source_kind":"runtime_history","source_event_ref":".aiwiki/state/runtime-history.jsonl#L1","trace_id":"00000000-0000-4000-8000-0000000003eb"}
{"schema_version":1,"signal_id":"sig-20260427-000000000000","dedupe_key":"elixir_dependency_break:research:runtime_history:drift::dependency_break::elixir-broken::wiki/judgments/does-not-exist.md","kind":"elixir_dependency_break","scope":{"protocol":"research","source_ids":[],"concept_slugs":[],"elixir_refs":["elixir-broken"],"judgment_refs":[]},"severity":"high","evidence_refs":["wiki/elixirs/elixir-broken.md","wiki/judgments/does-not-exist.md"],"emitted_at":"2026-04-27T00:00:00Z","emitted_by":"nightly","source_kind":"runtime_history","source_event_ref":".aiwiki/state/runtime-history.jsonl#L1","trace_id":"00000000-0000-4000-8000-0000000003ed"}
