{
  "changed_evidence": [
    {
      "asset_id": "elixir-changed",
      "asset_kind": "elixir",
      "drifted_paths": [
        "raw/evidence.md"
      ],
      "path": "wiki/elixirs/elixir-changed.md",
      "protocol": "research",
      "stale_paths": [
        "raw/missing.md"
      ]
    }
  ],
  "dependency_breaks": [
    {
      "elixir_id": "elixir-broken",
      "missing_dependencies": [
        "wiki/judgments/does-not-exist.md"
      ],
      "path": "wiki/elixirs/elixir-broken.md",
      "protocol": "research"
    }
  ],
  "errors": [],
  "history_ref": ".aiwiki/state/runtime-history.jsonl#L1",
  "scanned_at": "2026-04-27T00:00:00Z",
  "signals_appended": 3,
  "stale_judgments": [
    {
      "days_since_review": 208,
      "judgment_id": "jud-stale",
      "last_reviewed": "2025-10-01T00:00:00Z",
      "path": "wiki/judgments/jud-stale.md",
      "protocol": "research",
      "threshold_days": 180
    }
  ],
  "stale_threshold_days": 180,
  "version": 1,
  "warnings": [
    {
      "kind": "judgment-stale",
      "message": "Judgment `jud-stale` not reviewed in 208d (>180d).",
      "path": "wiki/judgments/jud-stale.md"
    },
    {
      "kind": "evidence-changed",
      "message": "Elixir `elixir-changed` evidence drift (changed: raw/evidence.md; missing: raw/missing.md).",
      "path": "wiki/elixirs/elixir-changed.md"
    },
    {
      "kind": "elixir-dependency-break",
      "message": "Elixir `elixir-broken` references missing dependency: wiki/judgments/does-not-exist.md.",
      "path": "wiki/elixirs/elixir-broken.md"
    }
  ]
}
