{"schema_version":1,"signal_id":"sig-20260427-000000000000","dedupe_key":"review_feedback:general:runtime_history:sha256-e179a3bb47ea2236","kind":"review_feedback","scope":{"protocol":"general","source_ids":["src-b1"],"concept_slugs":["acceptance-loop"],"elixir_refs":[],"judgment_refs":[]},"severity":"medium","evidence_refs":["wiki/decisions/b1.md"],"emitted_at":"2026-04-27T00:00:01Z","emitted_by":"user","source_kind":"runtime_history","source_event_ref":".aiwiki/state/runtime-history.jsonl#L1","trace_id":"550e8400-e29b-41d4-a716-446655440000"}
{"schema_version":1,"signal_id":"sig-20260427-000000000000","dedupe_key":"runtime_failure:general:llm_receipt:sha256-bbf2ddb59ae3178f","kind":"runtime_failure","scope":{"protocol":"general","source_ids":[],"concept_slugs":[],"elixir_refs":[],"judgment_refs":[]},"severity":"high","evidence_refs":["output/reports/b1.md"],"emitted_at":"2026-04-27T00:01:00Z","emitted_by":"external","source_kind":"llm_receipt","source_event_ref":".aiwiki/logs/llm-receipts.jsonl#L1","trace_id":"550e8400-e29b-41d4-a716-446655440000"}
